<?xml version="1.0" encoding="UTF-8"?>
<testsuites name="bun test" tests="7" assertions="0" failures="0" skipped="0" time="0.551348">
  <testsuite name="src/nexus/citadel-feedback-simple.test.ts" file="src/nexus/citadel-feedback-simple.test.ts" tests="7" assertions="0" failures="0" skipped="0" time="0" hostname="Mac.attlocal.net">
    <testsuite name="🏛️ Citadel Feedback System - Core Tests" file="src/nexus/citadel-feedback-simple.test.ts" line="12" tests="6" assertions="0" failures="0" skipped="0" time="0" hostname="Mac.attlocal.net">
      <testsuite name="🔒 Basic Security Incident Logging" file="src/nexus/citadel-feedback-simple.test.ts" line="33" tests="2" assertions="0" failures="0" skipped="0" time="0.052" hostname="Mac.attlocal.net">
        <testcase name="logs Apple ID lockout incidents successfully" classname="🔒 Basic Security Incident Logging &amp;gt; 🏛️ Citadel Feedback System - Core Tests" time="0.024" file="src/nexus/citadel-feedback-simple.test.ts" line="34" assertions="0" />
        <testcase name="handles special characters in device IDs" classname="🔒 Basic Security Incident Logging &amp;gt; 🏛️ Citadel Feedback System - Core Tests" time="0.029546" file="src/nexus/citadel-feedback-simple.test.ts" line="69" assertions="0" />
      </testsuite>
      <testsuite name="📊 Dashboard Operations" file="src/nexus/citadel-feedback-simple.test.ts" line="95" tests="2" assertions="0" failures="0" skipped="0" time="0.098" hostname="Mac.attlocal.net">
        <testcase name="dashboard search functionality works" classname="📊 Dashboard Operations &amp;gt; 🏛️ Citadel Feedback System - Core Tests" time="0.070325" file="src/nexus/citadel-feedback-simple.test.ts" line="96" assertions="0" />
        <testcase name="dashboard metrics display correctly" classname="📊 Dashboard Operations &amp;gt; 🏛️ Citadel Feedback System - Core Tests" time="0.028895" file="src/nexus/citadel-feedback-simple.test.ts" line="123" assertions="0" />
      </testsuite>
      <testsuite name="⚡ Performance Tests" file="src/nexus/citadel-feedback-simple.test.ts" line="138" tests="1" assertions="0" failures="0" skipped="0" time="0.124" hostname="Mac.attlocal.net">
        <testcase name="handles multiple concurrent incidents" classname="⚡ Performance Tests &amp;gt; 🏛️ Citadel Feedback System - Core Tests" time="0.124654" file="src/nexus/citadel-feedback-simple.test.ts" line="139" assertions="0" />
      </testsuite>
      <testsuite name="🛡️ Security Validation" file="src/nexus/citadel-feedback-simple.test.ts" line="182" tests="1" assertions="0" failures="0" skipped="0" time="0.028" hostname="Mac.attlocal.net">
        <testcase name="audit file integrity validation" classname="🛡️ Security Validation &amp;gt; 🏛️ Citadel Feedback System - Core Tests" time="0.028099" file="src/nexus/citadel-feedback-simple.test.ts" line="183" assertions="0" />
      </testsuite>
    </testsuite>
    <testsuite name="⚡ Performance Benchmark" file="src/nexus/citadel-feedback-simple.test.ts" line="233" tests="1" assertions="0" failures="0" skipped="0" time="0.223" hostname="Mac.attlocal.net">
      <testcase name="incident logging performance" classname="⚡ Performance Benchmark" time="0.223387" file="src/nexus/citadel-feedback-simple.test.ts" line="237" assertions="0" />
    </testsuite>
  </testsuite>
</testsuites>
